[vanholtz.co/index.html]
[backblue.gif]
[fade.gif]
[index.html]
[vanholtz.co/img/social_share.png]
[vanholtz.co/img/icons/apple-touch-icon.png]
[vanholtz.co/img/icons/favicon-32x32.png]
[vanholtz.co/img/icons/favicon-16x16.png]
[vanholtz.co/img/icons/safari-pinned-tab.svg]
[vanholtz.co/img/icons/favicon.ico]
[vanholtz.co/img/icons/browserconfig.xml]
[vanholtz.co/fonts/DrukWide-Medium-Web.eot]
[vanholtz.co/fonts/DrukWide-Medium-Webd41d.eot]
[vanholtz.co/fonts/DrukWide-Medium-Web.woff2]
[vanholtz.co/fonts/DrukWide-Medium-Web.woff]
[vanholtz.co/fonts/DrukWide-Super-Web.eot]
[vanholtz.co/fonts/DrukWide-Super-Webd41d.eot]
[vanholtz.co/fonts/DrukWide-Super-Web.woff2]
[vanholtz.co/fonts/DrukWide-Super-Web.woff]
[vanholtz.co/journal/index.html]
[vanholtz.co/work/studiomega/index.html]
[cdnjs.cloudflare.com/ajax/libs/barba.js/1.0.0/barba.min.js]
[vanholtz.co/work/thebrigade/index.html]
[vanholtz.co/work/push/index.html]
[vanholtz.co/js/app9f1e.js]
[vanholtz.co/work/onxmaps/index.html]
[use.typekit.net/duo3tdm.css]
[vanholtz.co/work/iconmotosports/index.html]
[vanholtz.co/work/parliament/index.html]
[vanholtz.co/index.html]
[vanholtz.co/img/icons/site.html]
[vanholtz.co/img/icons/safari-pinned-tab.svg]
[p.typekit.net/pfee3.css]
[vanholtz.co/css/app9f1e.css]
[vanholtz.co/work/haydenshapes/index.html]
[vanholtz.co/work/zervice/index.html]
[vanholtz.co/journal/collaboration/index.html]
[vanholtz.co/img/journal/collaboration/listing-center.jpg]
[vanholtz.co/img/journal/freelance-and-company/listing-center.jpg]
[vanholtz.co/journal/freelance-and-company/index.html]
[vanholtz.co/img/journal/the-one-year-plan/listing-center.jpg]
[vanholtz.co/journal/index.html]
[vanholtz.co/journal/the-one-year-plan/index.html]
[vanholtz.co/work/fonts/DrukWide-Medium-Web.eot]
[vanholtz.co/work/fonts/DrukWide-Medium-Webd41d.eot]
[vanholtz.co/work/fonts/DrukWide-Medium-Web.woff2]
[vanholtz.co/work/fonts/DrukWide-Medium-Web.woff]
[vanholtz.co/work/fonts/DrukWide-Super-Web.eot]
[vanholtz.co/work/fonts/DrukWide-Super-Webd41d.eot]
[vanholtz.co/work/fonts/DrukWide-Super-Web.woff2]
[vanholtz.co/work/fonts/DrukWide-Super-Web.woff]
[vanholtz.co/img/work/studiomega/hero.jpg]
[vanholtz.co/img/work/studiomega/carousel_01-slide_01.jpg]
[vanholtz.co/img/work/studiomega/carousel_01-slide_02.jpg]
[vanholtz.co/img/work/studiomega/carousel_01-slide_03.jpg]
[vanholtz.co/img/work/studiomega/carousel_01-slide_04.jpg]
[vanholtz.co/img/work/studiomega/carousel_02-slide_01.jpg]
[vanholtz.co/img/work/studiomega/carousel_02-slide_02.jpg]
[vanholtz.co/img/work/studiomega/carousel_02-slide_03.jpg]
[vanholtz.co/img/work/studiomega/carousel_02-slide_04.jpg]
[vanholtz.co/img/work/studiomega/carousel_02-slide_05.jpg]
[vanholtz.co/img/work/studiomega/carousel_02-slide_06.jpg]
[vanholtz.co/img/work/studiomega/people.jpg]
[vanholtz.co/img/work/studiomega/mobile-home-nav.jpg]
[vanholtz.co/img/work/studiomega/mobile-studio-journal-case_study.jpg]
[vanholtz.co/work/studiomega/index.html]
[vanholtz.co/img/work/thebrigade/hero.png]
[vanholtz.co/img/work/thebrigade/home-full.jpg]
[vanholtz.co/img/work/thebrigade/work-full.jpg]
[vanholtz.co/img/work/thebrigade/carousel_01-slide_01.jpg]
[vanholtz.co/img/work/thebrigade/carousel_01-slide_02.jpg]
[vanholtz.co/img/work/thebrigade/carousel_01-slide_03.jpg]
[vanholtz.co/img/work/thebrigade/carousel_01-slide_04.jpg]
[vanholtz.co/img/work/thebrigade/carousel_01-slide_05.jpg]
[vanholtz.co/img/work/thebrigade/carousel_01-slide_06.jpg]
[vanholtz.co/img/work/thebrigade/carousel_02-slide_01.jpg]
[vanholtz.co/img/work/thebrigade/carousel_02-slide_02.jpg]
[vanholtz.co/img/work/thebrigade/mobile-home-nav.jpg]
[vanholtz.co/img/work/thebrigade/mobile-careers-values-case_study.jpg]
[vanholtz.co/work/thebrigade/index.html]
[vanholtz.co/img/work/push/hero.png]
[vanholtz.co/img/work/push/home-full.jpg]
[vanholtz.co/img/work/push/nav.jpg]
[vanholtz.co/img/work/push/work-full.jpg]
[vanholtz.co/img/work/push/carousel_01-slide_01.jpg]
[vanholtz.co/img/work/push/carousel_01-slide_02.jpg]
[vanholtz.co/img/work/push/carousel_01-slide_03.jpg]
[vanholtz.co/img/work/push/carousel_01-slide_04.jpg]
[vanholtz.co/img/work/push/carousel_01-slide_05.jpg]
[vanholtz.co/img/work/push/carousel_01-slide_06.jpg]
[vanholtz.co/img/work/push/pushers-full.jpg]
[vanholtz.co/img/work/push/carousel_02-slide_01.jpg]
[vanholtz.co/img/work/push/carousel_02-slide_02.jpg]
[vanholtz.co/img/work/push/carousel_02-slide_03.jpg]
[vanholtz.co/img/work/push/carousel_03-slide_01.jpg]
[vanholtz.co/img/work/push/carousel_03-slide_02.jpg]
[vanholtz.co/work/push/index.html]
[vanholtz.co/img/work/onxmaps/hero.jpg]
[vanholtz.co/img/work/onxmaps/home-full.jpg]
[vanholtz.co/img/work/onxmaps/carousel_01-slide_01.jpg]
[vanholtz.co/img/work/onxmaps/carousel_01-slide_02.jpg]
[vanholtz.co/img/work/onxmaps/carousel_01-slide_03.jpg]
[vanholtz.co/img/work/onxmaps/carousel_01-slide_04.jpg]
[vanholtz.co/img/work/onxmaps/carousel_01-slide_05.jpg]
[vanholtz.co/img/work/onxmaps/carousel_01-slide_06.jpg]
[vanholtz.co/img/work/onxmaps/carousel_01-slide_07.jpg]
[vanholtz.co/img/work/onxmaps/carousel_02-slide_01.jpg]
[vanholtz.co/img/work/onxmaps/carousel_02-slide_02.jpg]
[vanholtz.co/img/work/onxmaps/carousel_02-slide_03.jpg]
[vanholtz.co/img/work/onxmaps/carousel_02-slide_04.jpg]
[vanholtz.co/img/work/onxmaps/mobile-home-nav-carousel.jpg]
[vanholtz.co/img/work/onxmaps/mobile-about-image-carousel-video.jpg]
[vanholtz.co/work/onxmaps/index.html]
[vanholtz.co/img/work/iconmotosports/hero.jpg]
[vanholtz.co/img/work/iconmotosports/carousel_01-slide_01.jpg]
[vanholtz.co/img/work/iconmotosports/carousel_01-slide_02.jpg]
[vanholtz.co/img/work/iconmotosports/carousel_01-slide_03.jpg]
[vanholtz.co/img/work/iconmotosports/home_full.jpg]
[vanholtz.co/img/work/iconmotosports/product_full.jpg]
[vanholtz.co/img/work/iconmotosports/carousel_02-slide_01.jpg]
[vanholtz.co/img/work/iconmotosports/carousel_02-slide_02.jpg]
[vanholtz.co/img/work/iconmotosports/carousel_02-slide_03.jpg]
[vanholtz.co/img/work/iconmotosports/carousel_02-slide_04.jpg]
[vanholtz.co/img/work/iconmotosports/carousel_02-slide_05.jpg]
[vanholtz.co/img/work/iconmotosports/carousel_02-slide_06.jpg]
[vanholtz.co/img/work/iconmotosports/carousel_03-slide_01.jpg]
[vanholtz.co/img/work/iconmotosports/carousel_03-slide_02.jpg]
[vanholtz.co/img/work/iconmotosports/carousel_03-slide_03.jpg]
[vanholtz.co/img/work/iconmotosports/carousel_03-slide_04.jpg]
[vanholtz.co/img/work/iconmotosports/mobile.jpg]
[vanholtz.co/work/iconmotosports/index.html]
[vanholtz.co/img/work/parliament/hero.jpg]
[vanholtz.co/img/work/parliament/home-full.jpg]
[vanholtz.co/video/work/parliament/parliament-nav-01.mp4]
[vanholtz.co/video/work/parliament/parliament-nav-02.mp4]
[vanholtz.co/img/work/parliament/carousel_01-slide_01.jpg]
[vanholtz.co/img/work/parliament/carousel_01-slide_02.jpg]
[vanholtz.co/img/work/parliament/carousel_01-slide_03.jpg]
[vanholtz.co/img/work/parliament/carousel_01-slide_04.jpg]
[vanholtz.co/img/work/parliament/carousel_01-slide_05.jpg]
[vanholtz.co/img/work/parliament/apparel-full.jpg]
[vanholtz.co/img/work/parliament/product-full.jpg]
[vanholtz.co/video/work/parliament/parliament-shop.mp4]
[vanholtz.co/work/parliament/index.html]
[vanholtz.co/img/work/haydenshapes/hero.jpg]
[vanholtz.co/img/work/haydenshapes/home.jpg]
[vanholtz.co/img/work/haydenshapes/technology.jpg]
[vanholtz.co/img/work/haydenshapes/about.jpg]
[vanholtz.co/img/work/haydenshapes/fins.jpg]
[vanholtz.co/img/work/haydenshapes/artwork.jpg]
[vanholtz.co/img/work/haydenshapes/logos.jpg]
[vanholtz.co/img/work/haydenshapes/finish.jpg]
[vanholtz.co/img/work/haydenshapes/review.jpg]
[vanholtz.co/img/work/haydenshapes/mobile-nav-home-review-options.jpg]
[vanholtz.co/work/haydenshapes/index.html]
[vanholtz.co/img/work/zervice/hero.jpg]
[vanholtz.co/video/work/zervice/zervice.mp4]
[vanholtz.co/img/work/zervice/about.jpg]
[vanholtz.co/img/work/zervice/quiz.jpg]
[vanholtz.co/img/work/zervice/maidpro.jpg]
[vanholtz.co/img/work/zervice/train.jpg]
[vanholtz.co/img/work/zervice/mobile-start-about-train.jpg]
[vanholtz.co/work/zervice/index.html]
[use.typekit.net/af/9d033e/000000000000000000013633/27/le003]
[use.typekit.net/af/9d033e/000000000000000000013633/27/de003]
[use.typekit.net/af/9d033e/000000000000000000013633/27/ae003]
[use.typekit.net/af/5556ca/000000000000000000013635/27/le196]
[use.typekit.net/af/5556ca/000000000000000000013635/27/de196]
[use.typekit.net/duo3tdm.css]
[vanholtz.co/css/app9f1e.css]
[use.typekit.net/af/5556ca/000000000000000000013635/27/ae196]
[vanholtz.co/img/journal/collaboration/collaboration.jpg]
[vanholtz.co/journal/fonts/DrukWide-Medium-Web.eot]
[vanholtz.co/journal/fonts/DrukWide-Medium-Webd41d.eot]
[vanholtz.co/journal/fonts/DrukWide-Medium-Web.woff2]
[vanholtz.co/journal/fonts/DrukWide-Medium-Web.woff]
[vanholtz.co/journal/fonts/DrukWide-Super-Web.eot]
[vanholtz.co/journal/fonts/DrukWide-Super-Webd41d.eot]
[vanholtz.co/journal/fonts/DrukWide-Super-Web.woff2]
[vanholtz.co/journal/fonts/DrukWide-Super-Web.woff]
[vanholtz.co/img/journal/collaboration/brijan-motorcycle-man.jpg]
[vanholtz.co/img/journal/collaboration/logo-van_holtz_co.png]
[vanholtz.co/img/journal/collaboration/home.png]
[vanholtz.co/img/journal/collaboration/journal.jpg]
[vanholtz.co/video/journal/collaboration/animations.mp4]
[vanholtz.co/journal/collaboration/index.html]
[vanholtz.co/img/journal/freelance-and-company/freelance-and-company.jpg]
[vanholtz.co/journal/freelance-and-company/index.html]
[vanholtz.co/img/journal/the-one-year-plan/the-one-year-plan.jpg]
[vanholtz.co/img/journal/the-one-year-plan/eric_van_holtz-headshot.jpg]
[vanholtz.co/img/journal/the-one-year-plan/working.jpg]
[vanholtz.co/img/journal/the-one-year-plan/web-development.jpg]
[vanholtz.co/journal/the-one-year-plan/index.html]
[vanholtz.co/work/fonts/DrukWide-Medium-Web.html]
[vanholtz.co/work/fonts/DrukWide-Medium-Webd41d.html]
[vanholtz.co/work/fonts/DrukWide-Medium-Web-2.html]
[vanholtz.co/work/fonts/DrukWide-Medium-Web-3.html]
[vanholtz.co/work/fonts/DrukWide-Super-Web.html]
[vanholtz.co/work/fonts/DrukWide-Super-Webd41d.html]
[vanholtz.co/work/fonts/DrukWide-Super-Web-2.html]
[vanholtz.co/work/fonts/DrukWide-Super-Web-3.html]
[vanholtz.co/journal/fonts/DrukWide-Medium-Web.html]
[vanholtz.co/journal/fonts/DrukWide-Medium-Webd41d.html]
[vanholtz.co/journal/fonts/DrukWide-Medium-Web-2.html]
[vanholtz.co/journal/fonts/DrukWide-Medium-Web-3.html]
[vanholtz.co/journal/fonts/DrukWide-Super-Web.html]
[vanholtz.co/journal/fonts/DrukWide-Super-Webd41d.html]
[vanholtz.co/journal/fonts/DrukWide-Super-Web-2.html]
[vanholtz.co/journal/fonts/DrukWide-Super-Web-3.html]
